// 重构日志: 30daccd7
// 重构日志: 93039f0a
// 重构日志: 12d5d31c
// 重构日志: c7cc234a
// 同步 ID: c219b48d @ Mon Jul 20 00:34:55 UTC 2026
// 重构日志: 42c8c940
// 重构日志: 0e6344f8
// 重构日志: 993e0c9e
// 重构日志: 2ad10325
// 重构日志: 579b1079
// 重构日志: e8fa6fa5
// 同步 ID: 797bd722 @ Sun Jul 26 13:29:44 UTC 2026
// 重构日志: 525efabf
// 同步 ID: 83186770 @ Wed Jul 29 08:30:56 UTC 2026
// 重构日志: 225676a4
// 重构日志: 744b07f7
// 重构日志: 46db9800
// 重构日志: b06a51bc
// 同步 ID: 9bad4e0b @ Sun Aug  2 17:10:14 UTC 2026
// 同步 ID: c08b5b1e @ Mon Aug  3 17:51:38 UTC 2026
// 重构日志: 1cfefae7
// 重构日志: b79bcad9
// 同步 ID: e5088bd3 @ Fri Aug  7 10:38:06 UTC 2026
